// Jest Snapshot v1, https://goo.gl/fbAQLP

exports[`Author renders correctly 1`] = `
<div
  className="author"
>
  <p
    className="author__bio"
  >
    Test bio
    <br />
    <strong>
      Test name
    </strong>
  </p>
</div>
`;
